<?xml version="1.0" encoding="UTF-8"?>
<testsuites name="jest tests" tests="2" failures="0" time="4.013">
  <testsuite name="undefined" errors="0" failures="0" skipped="0" timestamp="2020-12-08T19:04:41" time="2.886" tests="2">
    <testcase classname=" App renders correctly" name=" App renders correctly" time="0.024">
    </testcase>
    <testcase classname=" Switching between slides works as expected" name=" Switching between slides works as expected" time="0.038">
    </testcase>
  </testsuite>
</testsuites>